// Jest Snapshot v1, https://goo.gl/fbAQLP

exports[`ImageModal renders without crashing 1`] = `
<Modal
  animationType="slide"
  onRequestClose={[Function]}
  transparent={false}
  visible={true}
>
  <View
    className="w-full flex-1 items-center justify-center bg-primary pt-[45px]"
  >
    <RCTScrollView
      style={
        {
          "height": "50%",
        }
      }
    >
      <View>
        <View
          className="w-full items-center bg-primary"
        >
          <ActivityIndicator
            color="#0000ff"
            size="large"
          />
          <Image
            onLoad={[Function]}
            source={
              {
                "uri": "https://example.com/image1.jpg",
              }
            }
            style={
              {
                "height": 750,
                "width": 750,
              }
            }
          />
        </View>
        <View
          className="w-full items-center bg-primary"
        >
          <ActivityIndicator
            color="#0000ff"
            size="large"
          />
          <Image
            onLoad={[Function]}
            source={
              {
                "uri": "https://example.com/image2.jpg",
              }
            }
            style={
              {
                "height": 750,
                "width": 750,
              }
            }
          />
        </View>
      </View>
    </RCTScrollView>
    <View
      accessibilityState={
        {
          "busy": undefined,
          "checked": undefined,
          "disabled": undefined,
          "expanded": undefined,
          "selected": undefined,
        }
      }
      accessibilityValue={
        {
          "max": undefined,
          "min": undefined,
          "now": undefined,
          "text": undefined,
        }
      }
      accessible={true}
      collapsable={false}
      focusable={true}
      onClick={[Function]}
      onResponderGrant={[Function]}
      onResponderMove={[Function]}
      onResponderRelease={[Function]}
      onResponderTerminate={[Function]}
      onResponderTerminationRequest={[Function]}
      onStartShouldSetResponder={[Function]}
      style={
        {
          "opacity": 1,
        }
      }
      testID="image-component"
    >
      <Text
        className="font-inter"
        testID="close-button"
      >
        Close
      </Text>
    </View>
  </View>
</Modal>
`;
