// Jest Snapshot v1, https://goo.gl/fbAQLP

exports[`MorePage renders correctly 1`] = `
[
  <View
    style={
      [
        {
          "alignItems": "center",
          "justifyContent": "center",
          "paddingVertical": 26.68,
        },
        {
          "backgroundColor": undefined,
        },
      ]
    }
  >
    <Text
      style={
        [
          {
            "fontSize": 32,
            "fontWeight": "bold",
            "paddingTop": 40,
          },
          {
            "color": "#000000",
          },
        ]
      }
    >
      About
    </Text>
  </View>,
  <RCTSafeAreaView>
    <RCTScrollView
      contentContainerStyle={
        [
          {
            "alignItems": "center",
            "flexGrow": 1,
            "paddingHorizontal": 20,
          },
          {
            "paddingBottom": 140,
          },
        ]
      }
    >
      <View>
        <View
          style={
            {
              "alignItems": "center",
              "marginTop": 20,
              "width": "100%",
            }
          }
        >
          <Text
            style={
              {
                "fontSize": 28,
                "fontWeight": "600",
                "marginBottom": 20,
                "textAlign": "center",
              }
            }
          >
            What is Where’s Religion?
          </Text>
          <Text
            style={
              {
                "fontSize": 16,
                "lineHeight": 24,
                "marginBottom": 15,
                "paddingHorizontal": 10,
                "textAlign": "justify",
              }
            }
          >
            Where’s Religion? is an open-source application developed by humanities faculty and IT professionals at Saint Louis University that supports in-person research, remote data entry, media sharing, and mapping. The app is designed to facilitate a more robust public understanding of religion through rigorous scholarly methods. Our conviction is that the study of religion must account for the wide range of embodied experiences, improvised practices, material cultures, and shared spaces that humans inhabit. Through a research methodology that moves beyond analysis of sacred texts, creeds, and official teachings, Where’s Religion? provides a platform to diversify the data we study and to advance the study of religion we all encounter in everyday life.
          </Text>
          <Text
            style={
              {
                "fontSize": 16,
                "lineHeight": 24,
                "marginBottom": 15,
                "paddingHorizontal": 10,
                "textAlign": "justify",
              }
            }
          >
            Where’s Religion? is a keystone outcome of the Center on Lived Religion at Saint Louis University. We have received external support from the Henry Luce Foundation ($400,000 in 2018 and $470,000 in 2022), and internal support from the College of Arts & Sciences, the Office for the Vice President for Research and the Research Computing Group, Open Source with SLU, the Walter J. Ong, S.J., Center for Digital Humanities, and the CREST Research Center (Culture, Religion, Ethics, Science, Technology).
          </Text>
        </View>
        <View
          style={
            {
              "alignItems": "center",
              "padding": 20,
              "width": "100%",
            }
          }
        >
          <View
            style={
              {
                "flexDirection": "row",
                "justifyContent": "space-around",
                "marginBottom": 16,
                "width": "100%",
              }
            }
          >
            <View
              style={
                {
                  "alignItems": "center",
                  "width": "45%",
                }
              }
            >
              <RCTImageView
                accessibilityState={
                  {
                    "busy": undefined,
                    "checked": undefined,
                    "disabled": undefined,
                    "expanded": undefined,
                    "selected": undefined,
                  }
                }
                internal_analyticTag={null}
                resizeMode="cover"
                source={
                  [
                    {
                      "__packager_asset": true,
                      "height": 1,
                      "scale": 1,
                      "uri": "file://assets/full/path/to/directory/name.type",
                      "width": 1,
                    },
                  ]
                }
                style={
                  {
                    "borderRadius": 40,
                    "height": 80,
                    "marginBottom": 8,
                    "overflow": "hidden",
                    "width": 80,
                  }
                }
              />
              <Text
                style={
                  {
                    "fontSize": 16,
                    "fontWeight": "bold",
                    "textAlign": "center",
                  }
                }
              >
                Rachel Lindsey
              </Text>
              <Text
                style={
                  {
                    "fontSize": 14,
                    "textAlign": "center",
                  }
                }
              >
                Director of Center on Lived Religion
              </Text>
            </View>
            <View
              style={
                {
                  "alignItems": "center",
                  "width": "45%",
                }
              }
            >
              <RCTImageView
                accessibilityState={
                  {
                    "busy": undefined,
                    "checked": undefined,
                    "disabled": undefined,
                    "expanded": undefined,
                    "selected": undefined,
                  }
                }
                internal_analyticTag={null}
                resizeMode="cover"
                source={
                  [
                    {
                      "__packager_asset": true,
                      "height": 1,
                      "scale": 1,
                      "uri": "file://assets/full/path/to/directory/name.type",
                      "width": 1,
                    },
                  ]
                }
                style={
                  {
                    "borderRadius": 40,
                    "height": 80,
                    "marginBottom": 8,
                    "overflow": "hidden",
                    "width": 80,
                  }
                }
              />
              <Text
                style={
                  {
                    "fontSize": 16,
                    "fontWeight": "bold",
                    "textAlign": "center",
                  }
                }
              >
                Adam Park
              </Text>
              <Text
                style={
                  {
                    "fontSize": 14,
                    "textAlign": "center",
                  }
                }
              >
                Associate Director of Research (COLR)
              </Text>
            </View>
          </View>
          <View
            style={
              {
                "flexDirection": "row",
                "justifyContent": "space-around",
                "marginBottom": 16,
                "width": "100%",
              }
            }
          >
            <View
              style={
                {
                  "alignItems": "center",
                  "width": "45%",
                }
              }
            >
              <RCTImageView
                accessibilityState={
                  {
                    "busy": undefined,
                    "checked": undefined,
                    "disabled": undefined,
                    "expanded": undefined,
                    "selected": undefined,
                  }
                }
                internal_analyticTag={null}
                resizeMode="cover"
                source={
                  [
                    {
                      "__packager_asset": true,
                      "height": 1,
                      "scale": 1,
                      "uri": "file://assets/full/path/to/directory/name.type",
                      "width": 1,
                    },
                  ]
                }
                style={
                  {
                    "borderRadius": 40,
                    "height": 80,
                    "marginBottom": 8,
                    "overflow": "hidden",
                    "width": 80,
                  }
                }
              />
              <Text
                style={
                  {
                    "fontSize": 16,
                    "fontWeight": "bold",
                    "textAlign": "center",
                  }
                }
              >
                Pauline Lee
              </Text>
              <Text
                style={
                  {
                    "fontSize": 14,
                    "textAlign": "center",
                  }
                }
              >
                Assiciate Director of Public Humanities (COLR)
              </Text>
            </View>
            <View
              style={
                {
                  "alignItems": "center",
                  "width": "45%",
                }
              }
            >
              <RCTImageView
                accessibilityState={
                  {
                    "busy": undefined,
                    "checked": undefined,
                    "disabled": undefined,
                    "expanded": undefined,
                    "selected": undefined,
                  }
                }
                internal_analyticTag={null}
                resizeMode="cover"
                source={
                  [
                    {
                      "__packager_asset": true,
                      "height": 1,
                      "scale": 1,
                      "uri": "file://assets/full/path/to/directory/name.type",
                      "width": 1,
                    },
                  ]
                }
                style={
                  {
                    "borderRadius": 40,
                    "height": 80,
                    "marginBottom": 8,
                    "overflow": "hidden",
                    "width": 80,
                  }
                }
              />
              <Text
                style={
                  {
                    "fontSize": 16,
                    "fontWeight": "bold",
                    "textAlign": "center",
                  }
                }
              >
                Yash Bhatia
              </Text>
              <Text
                style={
                  {
                    "fontSize": 14,
                    "textAlign": "center",
                  }
                }
              >
                Software Engineer and Tech Lead 
              </Text>
            </View>
          </View>
        </View>
        <View
          style={
            {
              "alignItems": "center",
              "padding": 20,
              "width": "100%",
            }
          }
        >
          <Text
            style={
              {
                "fontSize": 24,
                "fontWeight": "bold",
                "marginBottom": 16,
              }
            }
          >
            The Development Team
          </Text>
          <View
            style={
              {
                "flexDirection": "row",
                "justifyContent": "space-around",
                "marginBottom": 16,
                "width": "100%",
              }
            }
          >
            <View
              style={
                {
                  "alignItems": "center",
                  "width": "45%",
                }
              }
            >
              <RCTImageView
                accessibilityState={
                  {
                    "busy": undefined,
                    "checked": undefined,
                    "disabled": undefined,
                    "expanded": undefined,
                    "selected": undefined,
                  }
                }
                internal_analyticTag={null}
                resizeMode="cover"
                source={
                  [
                    {
                      "__packager_asset": true,
                      "height": 1,
                      "scale": 1,
                      "uri": "file://assets/full/path/to/directory/name.type",
                      "width": 1,
                    },
                  ]
                }
                style={
                  {
                    "borderRadius": 40,
                    "height": 80,
                    "marginBottom": 8,
                    "overflow": "hidden",
                    "width": 80,
                  }
                }
              />
              <Text
                style={
                  {
                    "fontSize": 16,
                    "fontWeight": "bold",
                    "textAlign": "center",
                  }
                }
              >
                Patrick Cuba
              </Text>
              <Text
                style={
                  {
                    "fontSize": 14,
                    "textAlign": "center",
                  }
                }
              >
                IT Architect
              </Text>
            </View>
            <View
              style={
                {
                  "alignItems": "center",
                  "width": "45%",
                }
              }
            >
              <RCTImageView
                accessibilityState={
                  {
                    "busy": undefined,
                    "checked": undefined,
                    "disabled": undefined,
                    "expanded": undefined,
                    "selected": undefined,
                  }
                }
                internal_analyticTag={null}
                resizeMode="cover"
                source={
                  [
                    {
                      "__packager_asset": true,
                      "height": 1,
                      "scale": 1,
                      "uri": "file://assets/full/path/to/directory/name.type",
                      "width": 1,
                    },
                  ]
                }
                style={
                  {
                    "borderRadius": 40,
                    "height": 80,
                    "marginBottom": 8,
                    "overflow": "hidden",
                    "width": 80,
                  }
                }
              />
              <Text
                style={
                  {
                    "fontSize": 16,
                    "fontWeight": "bold",
                    "textAlign": "center",
                  }
                }
              >
                Bryan Haberberger
              </Text>
              <Text
                style={
                  {
                    "fontSize": 14,
                    "textAlign": "center",
                  }
                }
              >
                Full Stack Developer
              </Text>
            </View>
          </View>
          <View
            style={
              {
                "flexDirection": "row",
                "justifyContent": "space-around",
                "marginBottom": 16,
                "width": "100%",
              }
            }
          >
            <View
              style={
                {
                  "alignItems": "center",
                  "width": "45%",
                }
              }
            >
              <RCTImageView
                accessibilityState={
                  {
                    "busy": undefined,
                    "checked": undefined,
                    "disabled": undefined,
                    "expanded": undefined,
                    "selected": undefined,
                  }
                }
                internal_analyticTag={null}
                resizeMode="cover"
                source={
                  [
                    {
                      "__packager_asset": true,
                      "height": 1,
                      "scale": 1,
                      "uri": "file://assets/full/path/to/directory/name.type",
                      "width": 1,
                    },
                  ]
                }
                style={
                  {
                    "borderRadius": 40,
                    "height": 80,
                    "marginBottom": 8,
                    "overflow": "hidden",
                    "width": 80,
                  }
                }
              />
              <Text
                style={
                  {
                    "fontSize": 16,
                    "fontWeight": "bold",
                    "textAlign": "center",
                  }
                }
              >
                Stuart Ray
              </Text>
              <Text
                style={
                  {
                    "fontSize": 14,
                    "textAlign": "center",
                  }
                }
              >
                Developer
              </Text>
            </View>
            <View
              style={
                {
                  "alignItems": "center",
                  "width": "45%",
                }
              }
            >
              <RCTImageView
                accessibilityState={
                  {
                    "busy": undefined,
                    "checked": undefined,
                    "disabled": undefined,
                    "expanded": undefined,
                    "selected": undefined,
                  }
                }
                internal_analyticTag={null}
                resizeMode="cover"
                source={
                  [
                    {
                      "__packager_asset": true,
                      "height": 1,
                      "scale": 1,
                      "uri": "file://assets/full/path/to/directory/name.type",
                      "width": 1,
                    },
                  ]
                }
                style={
                  {
                    "borderRadius": 40,
                    "height": 80,
                    "marginBottom": 8,
                    "overflow": "hidden",
                    "width": 80,
                  }
                }
              />
              <Text
                style={
                  {
                    "fontSize": 16,
                    "fontWeight": "bold",
                    "textAlign": "center",
                  }
                }
              >
                Izak Robles
              </Text>
              <Text
                style={
                  {
                    "fontSize": 14,
                    "textAlign": "center",
                  }
                }
              >
                Developer
              </Text>
            </View>
          </View>
        </View>
        <View
          style={
            {
              "alignItems": "center",
              "marginTop": 20,
              "width": "100%",
            }
          }
        >
          <View
            style={
              [
                {
                  "alignItems": "center",
                  "borderRadius": 10,
                  "flexDirection": "row",
                  "justifyContent": "space-between",
                  "marginBottom": 10,
                  "padding": 10,
                  "width": "90%",
                },
                {
                  "backgroundColor": undefined,
                },
              ]
            }
          >
            <Text
              style={
                [
                  {
                    "fontSize": 18,
                    "fontWeight": "500",
                  },
                  {
                    "color": "#000000",
                  },
                ]
              }
            >
              Dark Mode
            </Text>
            <RCTSwitch
              accessibilityRole="switch"
              onChange={[Function]}
              onResponderTerminationRequest={[Function]}
              onStartShouldSetResponder={[Function]}
              onTintColor="#000000"
              style={
                {
                  "height": 31,
                  "width": 51,
                }
              }
              testID="dark-mode-switch"
              thumbTintColor="#ffffff"
              tintColor="black"
              value={false}
            />
          </View>
          <View
            accessibilityState={
              {
                "busy": undefined,
                "checked": undefined,
                "disabled": undefined,
                "expanded": undefined,
                "selected": undefined,
              }
            }
            accessibilityValue={
              {
                "max": undefined,
                "min": undefined,
                "now": undefined,
                "text": undefined,
              }
            }
            accessible={true}
            collapsable={false}
            focusable={true}
            onClick={[Function]}
            onResponderGrant={[Function]}
            onResponderMove={[Function]}
            onResponderRelease={[Function]}
            onResponderTerminate={[Function]}
            onResponderTerminationRequest={[Function]}
            onStartShouldSetResponder={[Function]}
            style={
              {
                "alignItems": "center",
                "backgroundColor": "black",
                "backgroundColor": "black",
                "borderRadius": 15,
                "flexDirection": "row",
                "height": 50,
                "justifyContent": "center",
                "opacity": 1,
                "width": "90%",
              }
            }
          >
            <Text
              style={
                [
                  {
                    "fontSize": 20,
                    "fontWeight": "600",
                    "marginRight": 10,
                  },
                  {
                    "color": "white",
                  },
                ]
              }
            >
              Logout
            </Text>
            <Text />
          </View>
        </View>
      </View>
    </RCTScrollView>
  </RCTSafeAreaView>,
]
`;
