// Jest Snapshot v1, https://goo.gl/fbAQLP

exports[`MorePage renders correctly 1`] = `
[
  <View
    style={
      [
        {
          "alignItems": "center",
          "backgroundColor": "#ffffff",
          "justifyContent": "center",
          "marginBottom": -8,
          "marginTop": 53.36,
          "padding": 13.34,
        },
        {
          "backgroundColor": undefined,
        },
      ]
    }
  >
    <Text
      style={
        [
          {
            "color": "#000000",
            "fontSize": 32,
            "fontWeight": "bold",
          },
          {
            "color": "#000000",
          },
        ]
      }
    >
      Where's Religion
    </Text>
  </View>,
  <RCTSafeAreaView>
    <RCTScrollView
      contentContainerStyle={
        {
          "alignItems": "center",
          "flexGrow": 1,
          "justifyContent": "flex-start",
        }
      }
    >
      <View>
        <View
          style={
            {
              "height": 300,
              "width": "100%",
            }
          }
        >
          <Image
            source={1}
            style={
              {
                "flex": 1,
                "height": undefined,
                "resizeMode": "cover",
                "width": undefined,
              }
            }
          />
        </View>
        <View>
          <Text
            style={
              [
                {
                  "alignSelf": "center",
                  "color": "#000000",
                  "fontSize": 28,
                  "fontWeight": "bold",
                },
                {
                  "color": "#000000",
                },
              ]
            }
          >
            Resources
          </Text>
          <View
            accessibilityState={
              {
                "busy": undefined,
                "checked": undefined,
                "disabled": undefined,
                "expanded": undefined,
                "selected": undefined,
              }
            }
            accessibilityValue={
              {
                "max": undefined,
                "min": undefined,
                "now": undefined,
                "text": undefined,
              }
            }
            accessible={true}
            collapsable={false}
            focusable={true}
            onClick={[Function]}
            onResponderGrant={[Function]}
            onResponderMove={[Function]}
            onResponderRelease={[Function]}
            onResponderTerminate={[Function]}
            onResponderTerminationRequest={[Function]}
            onStartShouldSetResponder={[Function]}
            style={
              {
                "opacity": 1,
              }
            }
          >
            <Text
              style={
                [
                  {
                    "alignSelf": "center",
                    "color": "#000000",
                    "fontSize": 16,
                    "lineHeight": 28,
                  },
                  {
                    "color": "#000000",
                  },
                ]
              }
            >
              Our Website
            </Text>
          </View>
          <View
            accessibilityState={
              {
                "busy": undefined,
                "checked": undefined,
                "disabled": undefined,
                "expanded": undefined,
                "selected": undefined,
              }
            }
            accessibilityValue={
              {
                "max": undefined,
                "min": undefined,
                "now": undefined,
                "text": undefined,
              }
            }
            accessible={true}
            collapsable={false}
            focusable={true}
            onClick={[Function]}
            onResponderGrant={[Function]}
            onResponderMove={[Function]}
            onResponderRelease={[Function]}
            onResponderTerminate={[Function]}
            onResponderTerminationRequest={[Function]}
            onStartShouldSetResponder={[Function]}
            style={
              {
                "opacity": 1,
              }
            }
          >
            <Text
              style={
                [
                  {
                    "alignSelf": "center",
                    "color": "#000000",
                    "fontSize": 16,
                    "lineHeight": 28,
                  },
                  {
                    "color": "#000000",
                  },
                ]
              }
            >
              Guide to Ethnography
            </Text>
          </View>
          <View
            accessibilityState={
              {
                "busy": undefined,
                "checked": undefined,
                "disabled": undefined,
                "expanded": undefined,
                "selected": undefined,
              }
            }
            accessibilityValue={
              {
                "max": undefined,
                "min": undefined,
                "now": undefined,
                "text": undefined,
              }
            }
            accessible={true}
            collapsable={false}
            focusable={true}
            onClick={[Function]}
            onResponderGrant={[Function]}
            onResponderMove={[Function]}
            onResponderRelease={[Function]}
            onResponderTerminate={[Function]}
            onResponderTerminationRequest={[Function]}
            onStartShouldSetResponder={[Function]}
            style={
              {
                "opacity": 1,
              }
            }
          >
            <Text
              style={
                [
                  {
                    "alignSelf": "center",
                    "color": "#000000",
                    "fontSize": 16,
                    "lineHeight": 28,
                  },
                  {
                    "color": "#000000",
                  },
                ]
              }
            >
              Guide to Coding
            </Text>
          </View>
          <View
            accessibilityState={
              {
                "busy": undefined,
                "checked": undefined,
                "disabled": undefined,
                "expanded": undefined,
                "selected": undefined,
              }
            }
            accessibilityValue={
              {
                "max": undefined,
                "min": undefined,
                "now": undefined,
                "text": undefined,
              }
            }
            accessible={true}
            collapsable={false}
            focusable={true}
            onClick={[Function]}
            onResponderGrant={[Function]}
            onResponderMove={[Function]}
            onResponderRelease={[Function]}
            onResponderTerminate={[Function]}
            onResponderTerminationRequest={[Function]}
            onStartShouldSetResponder={[Function]}
            style={
              {
                "opacity": 1,
              }
            }
          >
            <Text
              style={
                [
                  {
                    "alignSelf": "center",
                    "color": "#000000",
                    "fontSize": 16,
                    "lineHeight": 28,
                  },
                  {
                    "color": "#000000",
                  },
                ]
              }
            >
              Report a Bug
            </Text>
          </View>
          <Text
            style={
              [
                {
                  "alignSelf": "center",
                  "color": "#000000",
                  "fontSize": 28,
                  "fontWeight": "bold",
                },
                {
                  "color": "#000000",
                },
              ]
            }
          >
            Meet our Team
          </Text>
          <Text
            style={
              [
                {
                  "alignSelf": "center",
                  "color": "#000000",
                  "fontSize": 16,
                  "lineHeight": 28,
                },
                {
                  "color": "#000000",
                },
              ]
            }
          >
            Insert Team Photo
          </Text>
          <Text
            style={
              [
                {
                  "alignSelf": "center",
                  "color": "#000000",
                  "fontSize": 16,
                  "lineHeight": 28,
                },
                {
                  "color": "#000000",
                },
              ]
            }
          >
            Insert Team Message
          </Text>
          <Text
            style={
              [
                {
                  "alignSelf": "center",
                  "color": "#000000",
                  "fontSize": 28,
                  "fontWeight": "bold",
                },
                {
                  "color": "#000000",
                },
              ]
            }
          >
            Frequently Asked Questions
          </Text>
        </View>
        <Text
          style={
            [
              {
                "alignSelf": "center",
                "color": "#000000",
                "fontSize": 28,
                "fontWeight": "bold",
              },
              {
                "color": "#000000",
              },
            ]
          }
        >
          What can users do?
        </Text>
        <Text
          style={
            [
              {
                "alignSelf": "center",
                "color": "#000000",
                "fontSize": 16,
                "lineHeight": 28,
              },
              {
                "color": "#000000",
              },
            ]
          }
        >
          Explore religious traditions, find places of worship, engage in meaningful discussions.
        </Text>
        <Text
          style={
            [
              {
                "alignSelf": "center",
                "color": "#000000",
                "fontSize": 28,
                "fontWeight": "bold",
              },
              {
                "color": "#000000",
              },
            ]
          }
        >
          Who is it for?
        </Text>
        <Text
          style={
            [
              {
                "alignSelf": "center",
                "color": "#000000",
                "fontSize": 16,
                "lineHeight": 28,
              },
              {
                "color": "#000000",
              },
            ]
          }
        >
          Scholars, students, believers, and the curious about the world's religions.
        </Text>
        <Text
          style={
            [
              {
                "alignSelf": "center",
                "color": "#000000",
                "fontSize": 28,
                "fontWeight": "bold",
              },
              {
                "color": "#000000",
              },
            ]
          }
        >
          What's unique?
        </Text>
        <Text
          style={
            [
              {
                "alignSelf": "center",
                "color": "#000000",
                "fontSize": 16,
                "lineHeight": 28,
              },
              {
                "color": "#000000",
              },
            ]
          }
        >
          Provides a modern method to capture experiences using the devices that are with us every day.
        </Text>
        <Text
          style={
            [
              {
                "alignSelf": "center",
                "color": "#000000",
                "fontSize": 28,
                "fontWeight": "bold",
              },
              {
                "color": "#000000",
              },
            ]
          }
        >
          Our Mission
        </Text>
        <Text
          style={
            [
              {
                "alignSelf": "center",
                "color": "#000000",
                "fontSize": 16,
                "lineHeight": 28,
              },
              {
                "color": "#000000",
              },
            ]
          }
        >
          Connect people of diverse religious backgrounds, beliefs, and practices.
        </Text>
        <Text
          style={
            [
              {
                "alignSelf": "center",
                "color": "#000000",
                "fontSize": 28,
                "fontWeight": "bold",
              },
              {
                "color": "#000000",
              },
            ]
          }
        >
          Why use 'Where's Religion?'
        </Text>
        <Text
          style={
            [
              {
                "alignSelf": "center",
                "color": "#000000",
                "fontSize": 16,
                "lineHeight": 28,
              },
              {
                "color": "#000000",
              },
            ]
          }
        >
          Explore religious traditions, find places of worship, engage in meaningful discussions.
        </Text>
        <View
          style={
            {
              "paddingTop": 15,
              "width": "100%",
            }
          }
        >
          <View
            style={
              {
                "alignItems": "center",
                "marginTop": 40,
              }
            }
          >
            <View
              style={
                [
                  {
                    "alignItems": "center",
                    "backgroundColor": "#f0f0f0",
                    "borderRadius": 10,
                    "flexDirection": "row",
                    "justifyContent": "space-between",
                    "padding": 6,
                    "width": "94%",
                  },
                  {
                    "backgroundColor": undefined,
                  },
                ]
              }
            >
              <Text
                style={
                  [
                    {
                      "color": "#000000",
                      "fontSize": 18,
                      "fontWeight": "500",
                      "marginLeft": 9,
                    },
                    {
                      "color": "#000000",
                    },
                  ]
                }
              >
                Light Mode
              </Text>
              <RCTSwitch
                accessibilityRole="switch"
                onChange={[Function]}
                onResponderTerminationRequest={[Function]}
                onStartShouldSetResponder={[Function]}
                onTintColor="#000000"
                style={
                  {
                    "height": 31,
                    "width": 51,
                  }
                }
                testID="dark-mode-switch"
                thumbTintColor="#ffffff"
                tintColor="black"
                value={false}
              />
            </View>
          </View>
        </View>
        <View
          style={
            [
              {
                "alignItems": "center",
                "backgroundColor": "#ffffff",
                "width": "100%",
              },
              {
                "backgroundColor": undefined,
              },
            ]
          }
        >
          <View
            accessibilityState={
              {
                "busy": undefined,
                "checked": undefined,
                "disabled": undefined,
                "expanded": undefined,
                "selected": undefined,
              }
            }
            accessibilityValue={
              {
                "max": undefined,
                "min": undefined,
                "now": undefined,
                "text": undefined,
              }
            }
            accessible={true}
            collapsable={false}
            focusable={true}
            onClick={[Function]}
            onResponderGrant={[Function]}
            onResponderMove={[Function]}
            onResponderRelease={[Function]}
            onResponderTerminate={[Function]}
            onResponderTerminationRequest={[Function]}
            onStartShouldSetResponder={[Function]}
            style={
              {
                "alignItems": "center",
                "backgroundColor": "black",
                "borderRadius": 15,
                "flexDirection": "row",
                "height": 50,
                "justifyContent": "center",
                "marginBottom": 100,
                "marginTop": 60,
                "opacity": 1,
                "width": "80%",
              }
            }
          >
            <Text
              style={
                [
                  {
                    "color": "#ffffff",
                    "fontSize": 20,
                    "fontWeight": "600",
                    "marginLeft": 5,
                    "marginRight": 10,
                  },
                  {
                    "color": "white",
                  },
                ]
              }
            >
              Logout
            </Text>
            <Text />
          </View>
        </View>
      </View>
    </RCTScrollView>
  </RCTSafeAreaView>,
]
`;
